/data/homezvol0/mattt2/y/envs/co-optimization-cuda/lib/python3.11/site-packages/foyer/forcefield.py:34: UserWarning: pkg_resources is deprecated as an API. See https://setuptools.pypa.io/en/latest/pkg_resources.html. The pkg_resources package is slated for removal as early as 2025-11-30. Refrain from using this package or pin to Setuptools<81.
  from pkg_resources import iter_entry_points, resource_filename
/data/homezvol0/mattt2/y/envs/co-optimization-cuda/lib/python3.11/site-packages/dask_jobqueue/core.py:266: FutureWarning: job_extra has been renamed to job_extra_directives. You are still using it (even if only set to []; please also check config files). If you did not set job_extra_directives yet, job_extra will be respected for now, but it will be removed in a future release. If you already set job_extra_directives, job_extra is ignored and you can remove it.
  warnings.warn(warn, FutureWarning)
/data/homezvol0/mattt2/y/envs/co-optimization-cuda/lib/python3.11/site-packages/dask_jobqueue/core.py:285: FutureWarning: env_extra has been renamed to job_script_prologue. You are still using it (even if only set to []; please also check config files). If you did not set job_script_prologue yet, env_extra will be respected for now, but it will be removed in a future release. If you already set job_script_prologue, env_extra is ignored and you can remove it.
  warnings.warn(warn, FutureWarning)
/data/homezvol0/mattt2/y/envs/co-optimization-cuda/lib/python3.11/site-packages/dask_jobqueue/slurm.py:55: FutureWarning: project has been renamed to account as this kwarg was used wit -A option. You are still using it (please also check config files). If you did not set account yet, project will be respected for now, but it will be removed in a future release. If you already set account, project is ignored and you can remove it.
  warnings.warn(warn, FutureWarning)
2025-09-23 12:34:53 INFO     Server listening at port 8171
/data/homezvol0/mattt2/y/envs/co-optimization-cuda/lib/python3.11/site-packages/dask_jobqueue/core.py:266: FutureWarning: job_extra has been renamed to job_extra_directives. You are still using it (even if only set to []; please also check config files). If you did not set job_extra_directives yet, job_extra will be respected for now, but it will be removed in a future release. If you already set job_extra_directives, job_extra is ignored and you can remove it.
  warnings.warn(warn, FutureWarning)
/data/homezvol0/mattt2/y/envs/co-optimization-cuda/lib/python3.11/site-packages/dask_jobqueue/core.py:285: FutureWarning: env_extra has been renamed to job_script_prologue. You are still using it (even if only set to []; please also check config files). If you did not set job_script_prologue yet, env_extra will be respected for now, but it will be removed in a future release. If you already set job_script_prologue, env_extra is ignored and you can remove it.
  warnings.warn(warn, FutureWarning)
/data/homezvol0/mattt2/y/envs/co-optimization-cuda/lib/python3.11/site-packages/dask_jobqueue/slurm.py:55: FutureWarning: project has been renamed to account as this kwarg was used wit -A option. You are still using it (please also check config files). If you did not set account yet, project will be respected for now, but it will be removed in a future release. If you already set account, project is ignored and you can remove it.
  warnings.warn(warn, FutureWarning)
/data/homezvol0/mattt2/y/envs/co-optimization-cuda/lib/python3.11/site-packages/dask_jobqueue/core.py:266: FutureWarning: job_extra has been renamed to job_extra_directives. You are still using it (even if only set to []; please also check config files). If you did not set job_extra_directives yet, job_extra will be respected for now, but it will be removed in a future release. If you already set job_extra_directives, job_extra is ignored and you can remove it.
  warnings.warn(warn, FutureWarning)
/data/homezvol0/mattt2/y/envs/co-optimization-cuda/lib/python3.11/site-packages/dask_jobqueue/core.py:285: FutureWarning: env_extra has been renamed to job_script_prologue. You are still using it (even if only set to []; please also check config files). If you did not set job_script_prologue yet, env_extra will be respected for now, but it will be removed in a future release. If you already set job_script_prologue, env_extra is ignored and you can remove it.
  warnings.warn(warn, FutureWarning)
/data/homezvol0/mattt2/y/envs/co-optimization-cuda/lib/python3.11/site-packages/dask_jobqueue/slurm.py:55: FutureWarning: project has been renamed to account as this kwarg was used wit -A option. You are still using it (please also check config files). If you did not set account yet, project will be respected for now, but it will be removed in a future release. If you already set account, project is ignored and you can remove it.
  warnings.warn(warn, FutureWarning)
